<label><i ng-bind="labelValue"></i><input type="text"></label>