<!DOCTYPE html>
<html lang="en">
<head>
    <meta charset="UTF-8">
    <title></title>
</head>
<body>
    <div ng-app="App">
       <div class="app" ng-bind="someValue"></div>
    </div>
</body>
</html>