<some-tag><span ng-bind="::someValue"></span><div class="class"></div><div ng-bind="anotherTagValue"></div></some-tag>