<label><span ng-bind="labelValue"></span><input type="text"></label>