<div>
    <angular-component ng-bind="::testBraces"></angular-component>
    <angular-second ng-bind="testBraces"></angular-second>
    <i class="some-style" ng-bind="::testBraces"></i>
</div>
